
> client@0.1.0 test
> jest __tests__/RoomClient.test.tsx

node.exe : ΓùÅ Validation Warning:
At line:1 char:1
+ & "C:\Program Files\nodejs/node.exe" "C:\Program 
Files\nodejs/node_mo ...
+ ~~~~~~~~~~~~~~~~~~~~~~~~~~~~~~~~~~~~~~~~~~~~~~~~~~~~~~~~~~~~~~~~~
~~~~
    + CategoryInfo          : NotSpecified: (ΓùÅ Validation Warnin 
   g::String) [], RemoteException
    + FullyQualifiedErrorId : NativeCommandError
 

  Unknown option "moduleNameMapping" with value {"^@/(.*)$": 
"<rootDir>/$1"} was found.
  This is probably a typing mistake. Fixing it will remove this 
message.

  Configuration Documentation:
  https://jestjs.io/docs/configuration

ΓùÅ Validation Warning:

  Unknown option "moduleNameMapping" with value {"^@/(.*)$": 
"<rootDir>/$1"} was found.
  This is probably a typing mistake. Fixing it will remove this 
message.

  Configuration Documentation:
  https://jestjs.io/docs/configuration

  console.warn
    Your app (or one of its dependencies) is using an outdated JSX transform. Update to the modern JSX transform for faster performance: https://react.dev/link/new-jsx-transform

    [0m [90m 36 |[39m
     [90m 37 |[39m     test([32m'renders room interface correctly'[39m[33m,[39m () [33m=>[39m {
    [31m[1m>[22m[39m[90m 38 |[39m         render([33m<[39m[33mRoomClient[39m roomId[33m=[39m[32m"test123"[39m userName[33m=[39m[32m"TestUser"[39m [33m/[39m[33m>[39m)[33m;[39m
     [90m    |[39m                [31m[1m^[22m[39m
     [90m 39 |[39m
     [90m 40 |[39m         expect(screen[33m.[39mgetByText([32m'Live Chat'[39m))[33m.[39mtoBeInTheDocument()[33m;[39m
     [90m 41 |[39m         expect(screen[33m.[39mgetByPlaceholderText([32m'Type a message...'[39m))[33m.[39mtoBeInTheDocument()[33m;[39m[0m

      at Object.<anonymous>.process.env.NODE_ENV.exports.createElement (node_modules/react/cjs/react.development.js:1014:19)
      at Object.__jsx (__tests__/RoomClient.test.tsx:38:16)

  console.log
    Setting video URL: https://youtube.com/watch?v=newvideo

      at log (components/RoomClient.tsx:132:21)

  console.error
    An update to RoomClient inside a test was not wrapped in act(...).
    
    When testing, code that causes React state updates should be wrapped into act(...):
    
    act(() => {
      /* fire events that update state */
    });
    /* assert on the output */
    
    This ensures that you're testing the behavior the user would see in the browser. Learn more at https://react.dev/link/wrap-tests-with-act

    [0m [90m 56 |[39m         [90m// Listen for Messages[39m
     [90m 57 |[39m         socketInstance[33m.[39mon([32m"receive_message"[39m[33m,[39m (data[33m:[39m [33mMessage[39m) [33m=>[39m {
    [31m[1m>[22m[39m[90m 58 |[39m             setMessageList((list) [33m=>[39m [[33m...[39mlist[33m,[39m data])[33m;[39m
     [90m    |[39m             [31m[1m^[22m[39m
     [90m 59 |[39m         })[33m;[39m
     [90m 60 |[39m
     [90m 61 |[39m         [90m// Listen for room users updates[39m[0m

      at node_modules/react-dom/cjs/react-dom-client.development.js:18758:19
      at runWithFiberInDEV (node_modules/react-dom/cjs/react-dom-client.development.js:874:13)
      at warnIfUpdatesNotWrappedWithActDEV (node_modules/react-dom/cjs/react-dom-client.development.js:18757:9)
      at scheduleUpdateOnFiber (node_modules/react-dom/cjs/react-dom-client.development.js:16409:11)
      at dispatchSetStateInternal (node_modules/react-dom/cjs/react-dom-client.development.js:9170:13)
      at dispatchSetState (node_modules/react-dom/cjs/react-dom-client.development.js:9127:7)
      at setMessageList (components/RoomClient.tsx:58:13)
      at Object.receiveMessageCallback (__tests__/RoomClient.test.tsx:114:9)

  console.error
    An update to RoomClient inside a test was not wrapped in act(...).
    
    When testing, code that causes React state updates should be wrapped into act(...):
    
    act(() => {
      /* fire events that update state */
    });
    /* assert on the output */
    
    This ensures that you're testing the behavior the user would see in the browser. Learn more at https://react.dev/link/wrap-tests-with-act

    [0m [90m 56 |[39m         [90m// Listen for Messages[39m
     [90m 57 |[39m         socketInstance[33m.[39mon([32m"receive_message"[39m[33m,[39m (data[33m:[39m [33mMessage[39m) [33m=>[39m {
    [31m[1m>[22m[39m[90m 58 |[39m             setMessageList((list) [33m=>[39m [[33m...[39mlist[33m,[39m data])[33m;[39m
     [90m    |[39m             [31m[1m^[22m[39m
     [90m 59 |[39m         })[33m;[39m
     [90m 60 |[39m
     [90m 61 |[39m         [90m// Listen for room users updates[39m[0m

      at node_modules/react-dom/cjs/react-dom-client.development.js:18758:19
      at runWithFiberInDEV (node_modules/react-dom/cjs/react-dom-client.development.js:874:13)
      at warnIfUpdatesNotWrappedWithActDEV (node_modules/react-dom/cjs/react-dom-client.development.js:18757:9)
      at scheduleUpdateOnFiber (node_modules/react-dom/cjs/react-dom-client.development.js:16409:11)
      at dispatchSetStateInternal (node_modules/react-dom/cjs/react-dom-client.development.js:9170:13)
      at dispatchSetState (node_modules/react-dom/cjs/react-dom-client.development.js:9127:7)
      at setMessageList (components/RoomClient.tsx:58:13)
      at Object.receiveMessageCallback (__tests__/RoomClient.test.tsx:133:9)

FAIL __tests__/RoomClient.test.tsx (5.405 s)
  RoomClient
    ΓêÜ renders room interface correctly (282 ms)
    ΓêÜ initializes socket connection and joins room (38 ms)
    ├ù sends message when form submitted (638 ms)
    ├ù prevents sending empty messages (438 ms)
    ΓêÜ updates URL when form submitted (176 ms)
    ├ù displays received messages correctly (68 ms)
    ├ù handles system messages differently (73 ms)
    ΓêÜ cleans up socket on unmount (49 ms)

  ΓùÅ RoomClient ΓÇ║ sends message when form submitted

    TestingLibraryElementError: Unable to find an accessible 
element with the role "button" and name `/send/i`

    Here are the accessible roles:

      textbox:

      Name "":
      [36m<input[39m
        [33mclass[39m=[32m"flex-1 bg-zinc-950 border 
border-zinc-700 text-zinc-100 text-sm rounded-xl px-4 py-2 
focus:outline-none focus:ring-2 focus:ring-indigo-500/50 
focus:border-indigo-500 transition-all 
placeholder:text-zinc-600"[39m
        [33mplaceholder[39m=[32m"Try: https://commondatastorage.
googleapis.com/gtv-videos-bucket/sample/BigBuckBunny.mp4"[39m
        [33mtype[39m=[32m"text"[39m
        [33mvalue[39m=[32m""[39m
      [36m/>[39m

      Name "":
      [36m<input[39m
        [33mclass[39m=[32m"flex-1 bg-zinc-900 border 
border-zinc-700 text-zinc-100 text-sm rounded-xl px-4 py-3 
focus:outline-none focus:ring-2 focus:ring-indigo-500/50 
focus:border-indigo-500 transition-all 
placeholder:text-zinc-600"[39m
        [33mplaceholder[39m=[32m"Type a message..."[39m
        [33mtype[39m=[32m"text"[39m
        [33mvalue[39m=[32m""[39m
      [36m/>[39m

      --------------------------------------------------
      button:

      Name "Load":
      [36m<button[39m
        [33mclass[39m=[32m"px-4 py-2 bg-zinc-800 
hover:bg-zinc-700 text-zinc-300 rounded-xl transition-colors 
border border-zinc-700 text-sm font-medium"[39m
        [33mtype[39m=[32m"submit"[39m
      [36m/>[39m

      Name "":
      [36m<button[39m
        [33mclass[39m=[32m"p-3 bg-indigo-600 
hover:bg-indigo-500 disabled:opacity-50 
disabled:hover:bg-indigo-600 text-white rounded-xl 
transition-colors shadow-lg shadow-indigo-500/20"[39m
        [33mdisabled[39m=[32m""[39m
        [33mtype[39m=[32m"submit"[39m
      [36m/>[39m

      --------------------------------------------------
      heading:

      Name "Live Chat":
      [36m<h3[39m
        [33mclass[39m=[32m"font-semibold text-zinc-100"[39m
      [36m/>[39m

      --------------------------------------------------

    Ignored nodes: comments, script, style
    [36m<body>[39m
      [36m<div>[39m
        [36m<div[39m
          [33mclass[39m=[32m"flex flex-col lg:flex-row h-screen 
bg-zinc-950 text-zinc-100 overflow-hidden font-sans"[39m
        [36m>[39m
          [36m<div[39m
            [33mclass[39m=[32m"flex-1 flex flex-col bg-black 
border-r border-zinc-800 relative"[39m
          [36m>[39m
            [36m<div[39m
              [33mclass[39m=[32m"p-4 bg-zinc-900/50 border-b 
border-zinc-800 flex gap-2 items-center"[39m
            [36m>[39m
              [36m<div[39m
                [33mclass[39m=[32m"p-2 bg-indigo-500/10 
rounded-lg"[39m
              [36m>[39m
                [36m<svg[39m
                  [33maria-hidden[39m=[32m"true"[39m
                  [33mclass[39m=[32m"lucide lucide-link h-5 w-5 
text-indigo-400"[39m
                  [33mfill[39m=[32m"none"[39m
                  [33mheight[39m=[32m"24"[39m
                  [33mstroke[39m=[32m"currentColor"[39m
                  [33mstroke-linecap[39m=[32m"round"[39m
                  [33mstroke-linejoin[39m=[32m"round"[39m
                  [33mstroke-width[39m=[32m"2"[39m
                  [33mviewBox[39m=[32m"0 0 24 24"[39m
                  [33mwidth[39m=[32m"24"[39m
                  
[33mxmlns[39m=[32m"http://www.w3.org/2000/svg"[39m
                [36m>[39m
                  [36m<path[39m
                    [33md[39m=[32m"M10 13a5 5 0 0 0 
7.54.54l3-3a5 5 0 0 0-7.07-7.07l-1.72 1.71"[39m
                  [36m/>[39m
                  [36m<path[39m
                    [33md[39m=[32m"M14 11a5 5 0 0 0-7.54-.54l-3 
3a5 5 0 0 0 7.07 7.07l1.71-1.71"[39m
                  [36m/>[39m
                [36m</svg>[39m
              [36m</div>[39m
              [36m<form[39m
                [33mclass[39m=[32m"flex-1 flex gap-2"[39m
              [36m>[39m
                [36m<input[39m
                  [33mclass[39m=[32m"flex-1 bg-zinc-950 border 
border-zinc-700 text-zinc-100 text-sm rounded-xl px-4 py-2 
focus:outline-none focus:ring-2 focus:ring-indigo-500/50 
focus:border-indigo-500 transition-all 
placeholder:text-zinc-600"[39m
                  [33mplaceholder[39m=[32m"Try: https://commonda
tastorage.googleapis.com/gtv-videos-bucket/sample/BigBuckBunny.mp4"
[39m
                  [33mtype[39m=[32m"text"[39m
                  [33mvalue[39m=[32m""[39m
                [36m/>[39m
                [36m<button[39m
                  [33mclass[39m=[32m"px-4 py-2 bg-zinc-800 
hover:bg-zinc-700 text-zinc-300 rounded-xl transition-colors 
border border-zinc-700 text-sm font-medium"[39m
                  [33mtype[39m=[32m"submit"[39m
                [36m>[39m
                  [0mLoad[0m
                [36m</button>[39m
              [36m</form>[39m
            [36m</div>[39m
            [36m<div[39m
              [33mclass[39m=[32m"flex-1 p-4 flex items-center 
justify-center"[39m
            [36m>[39m
              [36m<div[39m
                [33mclass[39m=[32m"w-full h-full max-h-[80vh] 
aspect-video"[39m
              [36m>[39m
                [36m<div[39m
                  [33mclass[39m=[32m"w-full h-full bg-zinc-900 
rounded-xl flex items-center justify-center border 
border-zinc-800"[39m
                [36m>[39m
                  [36m<div[39m
                    [33mclass[39m=[32m"text-center 
text-zinc-500"[39m
                  [36m>[39m
                    [36m<div[39m
                      [33mclass[39m=[32m"text-lg mb-2"[39m
                    [36m>[39m
                      [0m≡ƒÄ¼[0m
                    [36m</div>[39m
                    [36m<div[39m
                      [33mclass[39m=[32m"text-sm"[39m
                    [36m>[39m
                      [0mNo video loaded[0m
                    [36m</div>[39m
                    [36m<div[39m
                      [33mclass[39m=[32m"text-xs mt-1"[39m
                    [36m>[39m
                      [0mPaste a video URL above to get 
started[0m
                    [36m</div>[39m
                  [36m</div>[39m
                [36m</div>[39m
              [36m</div>[39m
            [36m</div>[39m
            [36m<div[39m
              [33mclass[39m=[32m"absolute bottom-4 left-4 
space-y-2"[39m
            [36m>[39m
              [36m<div[39m
                [33mclass[39m=[32m"p-2 bg-zinc-900/80 
backdrop-blur-sm rounded-lg border border-zinc-800 text-xs 
text-zinc-400"[39m
              [36m>[39m
                [0mRoom: [0m
                [36m<span[39m
                  [33mclass[39m=[32m"text-indigo-400 
font-mono"[39m
                [36m>[39m
                  [0mtest123[0m
                [36m</span>[39m
              [36m</div>[39m
              [36m<div[39m
                [33mclass[39m=[32m"p-2 bg-zinc-900/80 
backdrop-blur-sm rounded-lg border border-zinc-800 text-xs flex 
items-center gap-2"[39m
              [36m>[39m
                [36m<div[39m
                  [33mclass[39m=[32m"w-2 h-2 rounded-full 
bg-yellow-500 animate-pulse"[39m
                [36m/>[39m
                [36m<span[39m
                  [33mclass[39m=[32m"text-zinc-400"[39m
                [36m>[39m
                  [0mConnecting...[0m
                [36m</span>[39m
              [36m</div>[39m
            [36m</div>[39m
          [36m</div>[39m
          [36m<div[39m
            [33mclass[39m=[32m"w-full lg:w-96 flex flex-col 
bg-zinc-950 border-t lg:border-t-0 lg:border-l border-zinc-800 
shadow-2xl"[39m
          [36m>[39m
            [36m<div[39m
              [33mclass[39m=[32m"p-4 border-b border-zinc-800 
bg-zinc-900/30 backdrop-blur-md flex items-center gap-3"[39m
            [36m>[39m
              [36m<div[39m
                [33mclass[39m=[32m"p-2 bg-indigo-500/10 
rounded-lg"[39m
              [36m>[39m
                [36m<svg[39m
                  [33maria-hidden[39m=[32m"true"[39m
                  [33mclass[39m=[32m"lucide 
lucide-message-square h-5 w-5 text-indigo-400"[39m
                  [33mfill[39m=[32m"none"[39m
                  [33mheight[39m=[32m"24"[39m
                  [33mstroke[39m=[32m"currentColor"[39m
                  [33mstroke-linecap[39m=[32m"round"[39m
                  [33mstroke-linejoin[39m=[32m"round"[39m
                  [33mstroke-width[39m=[32m"2"[39m
                  [33mviewBox[39m=[32m"0 0 24 24"[39m
                  [33mwidth[39m=[32m"24"[39m
                  
[33mxmlns[39m=[32m"http://www.w3.org/2000/svg"[39m
                [36m>[39m
                  [36m<path[39m
                    [33md[39m=[32m"M22 17a2 2 0 0 1-2 2H6.828a2 
2 0 0 0-1.414.586l-2.202 2.202A.71.71 0 0 1 2 21.286V5a2 2 0 0 1 
2-2h16a2 2 0 0 1 2 2z"[39m
                  [36m/>[39m
                [36m</svg>[39m
              [36m</div>[39m
              [36m<div>[39m
                [36m<h3[39m
                  [33mclass[39m=[32m"font-semibold 
text-zinc-100"[39m
                [36m>[39m
                  [0mLive Chat[0m
                [36m</h3>[39m
                [36m<p[39m
                  [33mclass[39m=[32m"text-xs text-zinc-500 flex 
items-center gap-1"[39m
                [36m>[39m
                  [36m<span[39m
                    [33mclass[39m=[32m"w-2 h-2 rounded-full 
bg-red-500"[39m
                  [36m/>[39m
                  [0mOffline[0m
                [36m</p>[39m
              [36m</div>[39m
            [36m</div>[39m
            [36m<div[39m
              [33mclass[39m=[32m"flex-1 overflow-y-auto p-4 
space-y-4 scrollbar-thin scrollbar-thumb-zinc-800 
scrollbar-track-transparent"[39m
            [36m>[39m
              [36m<div />[39m
            [36m</div>[39m
            [36m<div[39m
              [33mclass[39m=[32m"p-4 bg-zinc-900/30 border-t 
border-zinc-800"[39m
            [36m>[39m
              [36m<form[39m
                [33mclass[39m=[32m"flex gap-2"[39m
              [36m>[39m
                [36m<input[39m
                  [33mclass[39m=[32m"flex-1 bg-zinc-900 border 
border-zinc-700 text-zinc-100 text-sm rounded-xl px-4 py-3 
focus:outline-none focus:ring-2 focus:ring-indigo-500/50 
focus:border-indigo-500 transition-all 
placeholder:text-zinc-600"[39m
                  [33mplaceholder[39m=[32m"Type a 
message..."[39m
                  [33mtype[39m=[32m"text"[39m
                  [33mvalue[39m=[32m""[39m
                [36m/>[39m
                [36m<button[39m
                  [33mclass[39m=[32m"p-3 bg-indigo-600 
hover:bg-indigo-500 disabled:opacity-50 
disabled:hover:bg-indigo-600 text-white rounded-xl 
transition-colors shadow-lg shadow-indigo-500/20"[39m
                  [33mdisabled[39m=[32m""[39m
                  [33mtype[39m=[32m"submit"[39m
                [36m>[39m
                  [36m<svg[39m
                    [33maria-hidden[39m=[32m"true"[39m
                    [33mclass[39m=[32m"lucide lucide-send h-5 
w-5"[39m
                    [33mfill[39m=[32m"none"[39m
                    [33mheight[39m=[32m"24"[39m
                    [33mstroke[39m=[32m"currentColor"[39m
                    [33mstroke-linecap[39m=[32m"round"[39m
                    [33mstroke-linejoin[39m=[32m"round"[39m
                    [33mstroke-width[39m=[32m"2"[39m
                    [33mviewBox[39m=[32m"0 0 24 24"[39m
                    [33mwidth[39m=[32m"24"[39m
                    
[33mxmlns[39m=[32m"http://www.w3.org/2000/svg"[39m
                  [36m>[39m
                    [36m<path[39m
                      [33md[39m=[32m"M14.536 21.686a.5.5 0 0 0 
.937-.024l6.5-19a.496.496 0 0 0-.635-.635l-19 6.5a.5.5 0 0 
0-.024.937l7.93 3.18a2 2 0 0 1 1.112 1.11z"[39m
                    [36m/>[39m
                    [36m<path[39m
                      [33md[39m=[32m"m21.854 2.147-10.94 
10.939"[39m
                    [36m/>[39m
                  [36m</svg>[39m
                [36m</button>[39m
              [36m</form>[39m
            [36m</div>[39m
          [36m</div>[39m
        [36m</div>[39m
      [36m</div>[39m
    [36m</body>[39m

    [0m [90m 59 |[39m
     [90m 60 |[39m         [36mconst[39m messageInput 
[33m=[39m screen[33m.[39mgetByPlaceholderText([32m'Type a 
message...'[39m)[33m;[39m
    [31m[1m>[22m[39m[90m 61 |[39m         [36mconst[39m 
sendButton [33m=[39m 
screen[33m.[39mgetByRole([32m'button'[39m[33m,[39m { 
name[33m:[39m [35m/send/i[39m })[33m;[39m
     [90m    |[39m                                   
[31m[1m^[22m[39m
     [90m 62 |[39m
     [90m 63 |[39m         
fireEvent[33m.[39mchange(messageInput[33m,[39m { 
target[33m:[39m { value[33m:[39m [32m'Hello World'[39m } 
})[33m;[39m
     [90m 64 |[39m         
fireEvent[33m.[39mclick(sendButton)[33m;[39m[0m

      at Object.getElementError 
(node_modules/@testing-library/dom/dist/config.js:37:19)
      at 
node_modules/@testing-library/dom/dist/query-helpers.js:76:38
      at 
node_modules/@testing-library/dom/dist/query-helpers.js:52:17
      at 
node_modules/@testing-library/dom/dist/query-helpers.js:95:19
      at Object.getByRole (__tests__/RoomClient.test.tsx:61:35)

  ΓùÅ RoomClient ΓÇ║ prevents sending empty messages

    TestingLibraryElementError: Unable to find an accessible 
element with the role "button" and name `/send/i`

    Here are the accessible roles:

      textbox:

      Name "":
      [36m<input[39m
        [33mclass[39m=[32m"flex-1 bg-zinc-950 border 
border-zinc-700 text-zinc-100 text-sm rounded-xl px-4 py-2 
focus:outline-none focus:ring-2 focus:ring-indigo-500/50 
focus:border-indigo-500 transition-all 
placeholder:text-zinc-600"[39m
        [33mplaceholder[39m=[32m"Try: https://commondatastorage.
googleapis.com/gtv-videos-bucket/sample/BigBuckBunny.mp4"[39m
        [33mtype[39m=[32m"text"[39m
        [33mvalue[39m=[32m""[39m
      [36m/>[39m

      Name "":
      [36m<input[39m
        [33mclass[39m=[32m"flex-1 bg-zinc-900 border 
border-zinc-700 text-zinc-100 text-sm rounded-xl px-4 py-3 
focus:outline-none focus:ring-2 focus:ring-indigo-500/50 
focus:border-indigo-500 transition-all 
placeholder:text-zinc-600"[39m
        [33mplaceholder[39m=[32m"Type a message..."[39m
        [33mtype[39m=[32m"text"[39m
        [33mvalue[39m=[32m""[39m
      [36m/>[39m

      --------------------------------------------------
      button:

      Name "Load":
      [36m<button[39m
        [33mclass[39m=[32m"px-4 py-2 bg-zinc-800 
hover:bg-zinc-700 text-zinc-300 rounded-xl transition-colors 
border border-zinc-700 text-sm font-medium"[39m
        [33mtype[39m=[32m"submit"[39m
      [36m/>[39m

      Name "":
      [36m<button[39m
        [33mclass[39m=[32m"p-3 bg-indigo-600 
hover:bg-indigo-500 disabled:opacity-50 
disabled:hover:bg-indigo-600 text-white rounded-xl 
transition-colors shadow-lg shadow-indigo-500/20"[39m
        [33mdisabled[39m=[32m""[39m
        [33mtype[39m=[32m"submit"[39m
      [36m/>[39m

      --------------------------------------------------
      heading:

      Name "Live Chat":
      [36m<h3[39m
        [33mclass[39m=[32m"font-semibold text-zinc-100"[39m
      [36m/>[39m

      --------------------------------------------------

    Ignored nodes: comments, script, style
    [36m<body>[39m
      [36m<div>[39m
        [36m<div[39m
          [33mclass[39m=[32m"flex flex-col lg:flex-row h-screen 
bg-zinc-950 text-zinc-100 overflow-hidden font-sans"[39m
        [36m>[39m
          [36m<div[39m
            [33mclass[39m=[32m"flex-1 flex flex-col bg-black 
border-r border-zinc-800 relative"[39m
          [36m>[39m
            [36m<div[39m
              [33mclass[39m=[32m"p-4 bg-zinc-900/50 border-b 
border-zinc-800 flex gap-2 items-center"[39m
            [36m>[39m
              [36m<div[39m
                [33mclass[39m=[32m"p-2 bg-indigo-500/10 
rounded-lg"[39m
              [36m>[39m
                [36m<svg[39m
                  [33maria-hidden[39m=[32m"true"[39m
                  [33mclass[39m=[32m"lucide lucide-link h-5 w-5 
text-indigo-400"[39m
                  [33mfill[39m=[32m"none"[39m
                  [33mheight[39m=[32m"24"[39m
                  [33mstroke[39m=[32m"currentColor"[39m
                  [33mstroke-linecap[39m=[32m"round"[39m
                  [33mstroke-linejoin[39m=[32m"round"[39m
                  [33mstroke-width[39m=[32m"2"[39m
                  [33mviewBox[39m=[32m"0 0 24 24"[39m
                  [33mwidth[39m=[32m"24"[39m
                  
[33mxmlns[39m=[32m"http://www.w3.org/2000/svg"[39m
                [36m>[39m
                  [36m<path[39m
                    [33md[39m=[32m"M10 13a5 5 0 0 0 
7.54.54l3-3a5 5 0 0 0-7.07-7.07l-1.72 1.71"[39m
                  [36m/>[39m
                  [36m<path[39m
                    [33md[39m=[32m"M14 11a5 5 0 0 0-7.54-.54l-3 
3a5 5 0 0 0 7.07 7.07l1.71-1.71"[39m
                  [36m/>[39m
                [36m</svg>[39m
              [36m</div>[39m
              [36m<form[39m
                [33mclass[39m=[32m"flex-1 flex gap-2"[39m
              [36m>[39m
                [36m<input[39m
                  [33mclass[39m=[32m"flex-1 bg-zinc-950 border 
border-zinc-700 text-zinc-100 text-sm rounded-xl px-4 py-2 
focus:outline-none focus:ring-2 focus:ring-indigo-500/50 
focus:border-indigo-500 transition-all 
placeholder:text-zinc-600"[39m
                  [33mplaceholder[39m=[32m"Try: https://commonda
tastorage.googleapis.com/gtv-videos-bucket/sample/BigBuckBunny.mp4"
[39m
                  [33mtype[39m=[32m"text"[39m
                  [33mvalue[39m=[32m""[39m
                [36m/>[39m
                [36m<button[39m
                  [33mclass[39m=[32m"px-4 py-2 bg-zinc-800 
hover:bg-zinc-700 text-zinc-300 rounded-xl transition-colors 
border border-zinc-700 text-sm font-medium"[39m
                  [33mtype[39m=[32m"submit"[39m
                [36m>[39m
                  [0mLoad[0m
                [36m</button>[39m
              [36m</form>[39m
            [36m</div>[39m
            [36m<div[39m
              [33mclass[39m=[32m"flex-1 p-4 flex items-center 
justify-center"[39m
            [36m>[39m
              [36m<div[39m
                [33mclass[39m=[32m"w-full h-full max-h-[80vh] 
aspect-video"[39m
              [36m>[39m
                [36m<div[39m
                  [33mclass[39m=[32m"w-full h-full bg-zinc-900 
rounded-xl flex items-center justify-center border 
border-zinc-800"[39m
                [36m>[39m
                  [36m<div[39m
                    [33mclass[39m=[32m"text-center 
text-zinc-500"[39m
                  [36m>[39m
                    [36m<div[39m
                      [33mclass[39m=[32m"text-lg mb-2"[39m
                    [36m>[39m
                      [0m≡ƒÄ¼[0m
                    [36m</div>[39m
                    [36m<div[39m
                      [33mclass[39m=[32m"text-sm"[39m
                    [36m>[39m
                      [0mNo video loaded[0m
                    [36m</div>[39m
                    [36m<div[39m
                      [33mclass[39m=[32m"text-xs mt-1"[39m
                    [36m>[39m
                      [0mPaste a video URL above to get 
started[0m
                    [36m</div>[39m
                  [36m</div>[39m
                [36m</div>[39m
              [36m</div>[39m
            [36m</div>[39m
            [36m<div[39m
              [33mclass[39m=[32m"absolute bottom-4 left-4 
space-y-2"[39m
            [36m>[39m
              [36m<div[39m
                [33mclass[39m=[32m"p-2 bg-zinc-900/80 
backdrop-blur-sm rounded-lg border border-zinc-800 text-xs 
text-zinc-400"[39m
              [36m>[39m
                [0mRoom: [0m
                [36m<span[39m
                  [33mclass[39m=[32m"text-indigo-400 
font-mono"[39m
                [36m>[39m
                  [0mtest123[0m
                [36m</span>[39m
              [36m</div>[39m
              [36m<div[39m
                [33mclass[39m=[32m"p-2 bg-zinc-900/80 
backdrop-blur-sm rounded-lg border border-zinc-800 text-xs flex 
items-center gap-2"[39m
              [36m>[39m
                [36m<div[39m
                  [33mclass[39m=[32m"w-2 h-2 rounded-full 
bg-yellow-500 animate-pulse"[39m
                [36m/>[39m
                [36m<span[39m
                  [33mclass[39m=[32m"text-zinc-400"[39m
                [36m>[39m
                  [0mConnecting...[0m
                [36m</span>[39m
              [36m</div>[39m
            [36m</div>[39m
          [36m</div>[39m
          [36m<div[39m
            [33mclass[39m=[32m"w-full lg:w-96 flex flex-col 
bg-zinc-950 border-t lg:border-t-0 lg:border-l border-zinc-800 
shadow-2xl"[39m
          [36m>[39m
            [36m<div[39m
              [33mclass[39m=[32m"p-4 border-b border-zinc-800 
bg-zinc-900/30 backdrop-blur-md flex items-center gap-3"[39m
            [36m>[39m
              [36m<div[39m
                [33mclass[39m=[32m"p-2 bg-indigo-500/10 
rounded-lg"[39m
              [36m>[39m
                [36m<svg[39m
                  [33maria-hidden[39m=[32m"true"[39m
                  [33mclass[39m=[32m"lucide 
lucide-message-square h-5 w-5 text-indigo-400"[39m
                  [33mfill[39m=[32m"none"[39m
                  [33mheight[39m=[32m"24"[39m
                  [33mstroke[39m=[32m"currentColor"[39m
                  [33mstroke-linecap[39m=[32m"round"[39m
                  [33mstroke-linejoin[39m=[32m"round"[39m
                  [33mstroke-width[39m=[32m"2"[39m
                  [33mviewBox[39m=[32m"0 0 24 24"[39m
                  [33mwidth[39m=[32m"24"[39m
                  
[33mxmlns[39m=[32m"http://www.w3.org/2000/svg"[39m
                [36m>[39m
                  [36m<path[39m
                    [33md[39m=[32m"M22 17a2 2 0 0 1-2 2H6.828a2 
2 0 0 0-1.414.586l-2.202 2.202A.71.71 0 0 1 2 21.286V5a2 2 0 0 1 
2-2h16a2 2 0 0 1 2 2z"[39m
                  [36m/>[39m
                [36m</svg>[39m
              [36m</div>[39m
              [36m<div>[39m
                [36m<h3[39m
                  [33mclass[39m=[32m"font-semibold 
text-zinc-100"[39m
                [36m>[39m
                  [0mLive Chat[0m
                [36m</h3>[39m
                [36m<p[39m
                  [33mclass[39m=[32m"text-xs text-zinc-500 flex 
items-center gap-1"[39m
                [36m>[39m
                  [36m<span[39m
                    [33mclass[39m=[32m"w-2 h-2 rounded-full 
bg-red-500"[39m
                  [36m/>[39m
                  [0mOffline[0m
                [36m</p>[39m
              [36m</div>[39m
            [36m</div>[39m
            [36m<div[39m
              [33mclass[39m=[32m"flex-1 overflow-y-auto p-4 
space-y-4 scrollbar-thin scrollbar-thumb-zinc-800 
scrollbar-track-transparent"[39m
            [36m>[39m
              [36m<div />[39m
            [36m</div>[39m
            [36m<div[39m
              [33mclass[39m=[32m"p-4 bg-zinc-900/30 border-t 
border-zinc-800"[39m
            [36m>[39m
              [36m<form[39m
                [33mclass[39m=[32m"flex gap-2"[39m
              [36m>[39m
                [36m<input[39m
                  [33mclass[39m=[32m"flex-1 bg-zinc-900 border 
border-zinc-700 text-zinc-100 text-sm rounded-xl px-4 py-3 
focus:outline-none focus:ring-2 focus:ring-indigo-500/50 
focus:border-indigo-500 transition-all 
placeholder:text-zinc-600"[39m
                  [33mplaceholder[39m=[32m"Type a 
message..."[39m
                  [33mtype[39m=[32m"text"[39m
                  [33mvalue[39m=[32m""[39m
                [36m/>[39m
                [36m<button[39m
                  [33mclass[39m=[32m"p-3 bg-indigo-600 
hover:bg-indigo-500 disabled:opacity-50 
disabled:hover:bg-indigo-600 text-white rounded-xl 
transition-colors shadow-lg shadow-indigo-500/20"[39m
                  [33mdisabled[39m=[32m""[39m
                  [33mtype[39m=[32m"submit"[39m
                [36m>[39m
                  [36m<svg[39m
                    [33maria-hidden[39m=[32m"true"[39m
                    [33mclass[39m=[32m"lucide lucide-send h-5 
w-5"[39m
                    [33mfill[39m=[32m"none"[39m
                    [33mheight[39m=[32m"24"[39m
                    [33mstroke[39m=[32m"currentColor"[39m
                    [33mstroke-linecap[39m=[32m"round"[39m
                    [33mstroke-linejoin[39m=[32m"round"[39m
                    [33mstroke-width[39m=[32m"2"[39m
                    [33mviewBox[39m=[32m"0 0 24 24"[39m
                    [33mwidth[39m=[32m"24"[39m
                    
[33mxmlns[39m=[32m"http://www.w3.org/2000/svg"[39m
                  [36m>[39m
                    [36m<path[39m
                      [33md[39m=[32m"M14.536 21.686a.5.5 0 0 0 
.937-.024l6.5-19a.496.496 0 0 0-.635-.635l-19 6.5a.5.5 0 0 
0-.024.937l7.93 3.18a2 2 0 0 1 1.112 1.11z"[39m
                    [36m/>[39m
                    [36m<path[39m
                      [33md[39m=[32m"m21.854 2.147-10.94 
10.939"[39m
                    [36m/>[39m
                  [36m</svg>[39m
                [36m</button>[39m
              [36m</form>[39m
            [36m</div>[39m
          [36m</div>[39m
        [36m</div>[39m
      [36m</div>[39m
    [36m</body>[39m

    [0m [90m 74 |[39m         
render([33m<[39m[33mRoomClient[39m 
roomId[33m=[39m[32m"test123"[39m 
userName[33m=[39m[32m"TestUser"[39m 
[33m/[39m[33m>[39m)[33m;[39m
     [90m 75 |[39m
    [31m[1m>[22m[39m[90m 76 |[39m         [36mconst[39m 
sendButton [33m=[39m 
screen[33m.[39mgetByRole([32m'button'[39m[33m,[39m { 
name[33m:[39m [35m/send/i[39m })[33m;[39m
     [90m    |[39m                                   
[31m[1m^[22m[39m
     [90m 77 |[39m         
expect(sendButton)[33m.[39mtoBeDisabled()[33m;[39m
     [90m 78 |[39m
     [90m 79 |[39m         [36mconst[39m messageInput 
[33m=[39m screen[33m.[39mgetByPlaceholderText([32m'Type a 
message...'[39m)[33m;[39m[0m

      at Object.getElementError 
(node_modules/@testing-library/dom/dist/config.js:37:19)
      at 
node_modules/@testing-library/dom/dist/query-helpers.js:76:38
      at 
node_modules/@testing-library/dom/dist/query-helpers.js:52:17
      at 
node_modules/@testing-library/dom/dist/query-helpers.js:95:19
      at Object.getByRole (__tests__/RoomClient.test.tsx:76:35)

  ΓùÅ RoomClient ΓÇ║ displays received messages correctly

    TestingLibraryElementError: Unable to find an element with the 
text: Hello from another user. This could be because the text is 
broken up by multiple elements. In this case, you can provide a 
function for your text matcher to make your matcher more flexible.

    Ignored nodes: comments, script, style
    [36m<body>[39m
      [36m<div>[39m
        [36m<div[39m
          [33mclass[39m=[32m"flex flex-col lg:flex-row h-screen 
bg-zinc-950 text-zinc-100 overflow-hidden font-sans"[39m
        [36m>[39m
          [36m<div[39m
            [33mclass[39m=[32m"flex-1 flex flex-col bg-black 
border-r border-zinc-800 relative"[39m
          [36m>[39m
            [36m<div[39m
              [33mclass[39m=[32m"p-4 bg-zinc-900/50 border-b 
border-zinc-800 flex gap-2 items-center"[39m
            [36m>[39m
              [36m<div[39m
                [33mclass[39m=[32m"p-2 bg-indigo-500/10 
rounded-lg"[39m
              [36m>[39m
                [36m<svg[39m
                  [33maria-hidden[39m=[32m"true"[39m
                  [33mclass[39m=[32m"lucide lucide-link h-5 w-5 
text-indigo-400"[39m
                  [33mfill[39m=[32m"none"[39m
                  [33mheight[39m=[32m"24"[39m
                  [33mstroke[39m=[32m"currentColor"[39m
                  [33mstroke-linecap[39m=[32m"round"[39m
                  [33mstroke-linejoin[39m=[32m"round"[39m
                  [33mstroke-width[39m=[32m"2"[39m
                  [33mviewBox[39m=[32m"0 0 24 24"[39m
                  [33mwidth[39m=[32m"24"[39m
                  
[33mxmlns[39m=[32m"http://www.w3.org/2000/svg"[39m
                [36m>[39m
                  [36m<path[39m
                    [33md[39m=[32m"M10 13a5 5 0 0 0 
7.54.54l3-3a5 5 0 0 0-7.07-7.07l-1.72 1.71"[39m
                  [36m/>[39m
                  [36m<path[39m
                    [33md[39m=[32m"M14 11a5 5 0 0 0-7.54-.54l-3 
3a5 5 0 0 0 7.07 7.07l1.71-1.71"[39m
                  [36m/>[39m
                [36m</svg>[39m
              [36m</div>[39m
              [36m<form[39m
                [33mclass[39m=[32m"flex-1 flex gap-2"[39m
              [36m>[39m
                [36m<input[39m
                  [33mclass[39m=[32m"flex-1 bg-zinc-950 border 
border-zinc-700 text-zinc-100 text-sm rounded-xl px-4 py-2 
focus:outline-none focus:ring-2 focus:ring-indigo-500/50 
focus:border-indigo-500 transition-all 
placeholder:text-zinc-600"[39m
                  [33mplaceholder[39m=[32m"Try: https://commonda
tastorage.googleapis.com/gtv-videos-bucket/sample/BigBuckBunny.mp4"
[39m
                  [33mtype[39m=[32m"text"[39m
                  [33mvalue[39m=[32m""[39m
                [36m/>[39m
                [36m<button[39m
                  [33mclass[39m=[32m"px-4 py-2 bg-zinc-800 
hover:bg-zinc-700 text-zinc-300 rounded-xl transition-colors 
border border-zinc-700 text-sm font-medium"[39m
                  [33mtype[39m=[32m"submit"[39m
                [36m>[39m
                  [0mLoad[0m
                [36m</button>[39m
              [36m</form>[39m
            [36m</div>[39m
            [36m<div[39m
              [33mclass[39m=[32m"flex-1 p-4 flex items-center 
justify-center"[39m
            [36m>[39m
              [36m<div[39m
                [33mclass[39m=[32m"w-full h-full max-h-[80vh] 
aspect-video"[39m
              [36m>[39m
                [36m<div[39m
                  [33mclass[39m=[32m"w-full h-full bg-zinc-900 
rounded-xl flex items-center justify-center border 
border-zinc-800"[39m
                [36m>[39m
                  [36m<div[39m
                    [33mclass[39m=[32m"text-center 
text-zinc-500"[39m
                  [36m>[39m
                    [36m<div[39m
                      [33mclass[39m=[32m"text-lg mb-2"[39m
                    [36m>[39m
                      [0m≡ƒÄ¼[0m
                    [36m</div>[39m
                    [36m<div[39m
                      [33mclass[39m=[32m"text-sm"[39m
                    [36m>[39m
                      [0mNo video loaded[0m
                    [36m</div>[39m
                    [36m<div[39m
                      [33mclass[39m=[32m"text-xs mt-1"[39m
                    [36m>[39m
                      [0mPaste a video URL above to get 
started[0m
                    [36m</div>[39m
                  [36m</div>[39m
                [36m</div>[39m
              [36m</div>[39m
            [36m</div>[39m
            [36m<div[39m
              [33mclass[39m=[32m"absolute bottom-4 left-4 
space-y-2"[39m
            [36m>[39m
              [36m<div[39m
                [33mclass[39m=[32m"p-2 bg-zinc-900/80 
backdrop-blur-sm rounded-lg border border-zinc-800 text-xs 
text-zinc-400"[39m
              [36m>[39m
                [0mRoom: [0m
                [36m<span[39m
                  [33mclass[39m=[32m"text-indigo-400 
font-mono"[39m
                [36m>[39m
                  [0mtest123[0m
                [36m</span>[39m
              [36m</div>[39m
              [36m<div[39m
                [33mclass[39m=[32m"p-2 bg-zinc-900/80 
backdrop-blur-sm rounded-lg border border-zinc-800 text-xs flex 
items-center gap-2"[39m
              [36m>[39m
                [36m<div[39m
                  [33mclass[39m=[32m"w-2 h-2 rounded-full 
bg-yellow-500 animate-pulse"[39m
                [36m/>[39m
                [36m<span[39m
                  [33mclass[39m=[32m"text-zinc-400"[39m
                [36m>[39m
                  [0mConnecting...[0m
                [36m</span>[39m
              [36m</div>[39m
            [36m</div>[39m
          [36m</div>[39m
          [36m<div[39m
            [33mclass[39m=[32m"w-full lg:w-96 flex flex-col 
bg-zinc-950 border-t lg:border-t-0 lg:border-l border-zinc-800 
shadow-2xl"[39m
          [36m>[39m
            [36m<div[39m
              [33mclass[39m=[32m"p-4 border-b border-zinc-800 
bg-zinc-900/30 backdrop-blur-md flex items-center gap-3"[39m
            [36m>[39m
              [36m<div[39m
                [33mclass[39m=[32m"p-2 bg-indigo-500/10 
rounded-lg"[39m
              [36m>[39m
                [36m<svg[39m
                  [33maria-hidden[39m=[32m"true"[39m
                  [33mclass[39m=[32m"lucide 
lucide-message-square h-5 w-5 text-indigo-400"[39m
                  [33mfill[39m=[32m"none"[39m
                  [33mheight[39m=[32m"24"[39m
                  [33mstroke[39m=[32m"currentColor"[39m
                  [33mstroke-linecap[39m=[32m"round"[39m
                  [33mstroke-linejoin[39m=[32m"round"[39m
                  [33mstroke-width[39m=[32m"2"[39m
                  [33mviewBox[39m=[32m"0 0 24 24"[39m
                  [33mwidth[39m=[32m"24"[39m
                  
[33mxmlns[39m=[32m"http://www.w3.org/2000/svg"[39m
                [36m>[39m
                  [36m<path[39m
                    [33md[39m=[32m"M22 17a2 2 0 0 1-2 2H6.828a2 
2 0 0 0-1.414.586l-2.202 2.202A.71.71 0 0 1 2 21.286V5a2 2 0 0 1 
2-2h16a2 2 0 0 1 2 2z"[39m
                  [36m/>[39m
                [36m</svg>[39m
              [36m</div>[39m
              [36m<div>[39m
                [36m<h3[39m
                  [33mclass[39m=[32m"font-semibold 
text-zinc-100"[39m
                [36m>[39m
                  [0mLive Chat[0m
                [36m</h3>[39m
                [36m<p[39m
                  [33mclass[39m=[32m"text-xs text-zinc-500 flex 
items-center gap-1"[39m
                [36m>[39m
                  [36m<span[39m
                    [33mclass[39m=[32m"w-2 h-2 rounded-full 
bg-red-500"[39m
                  [36m/>[39m
                  [0mOffline[0m
                [36m</p>[39m
              [36m</div>[39m
            [36m</div>[39m
            [36m<div[39m
              [33mclass[39m=[32m"flex-1 overflow-y-auto p-4 
space-y-4 scrollbar-thin scrollbar-thumb-zinc-800 
scrollbar-track-transparent"[39m
            [36m>[39m
              [36m<div />[39m
            [36m</div>[39m
            [36m<div[39m
              [33mclass[39m=[32m"p-4 bg-zinc-900/30 border-t 
border-zinc-800"[39m
            [36m>[39m
              [36m<form[39m
                [33mclass[39m=[32m"flex gap-2"[39m
              [36m>[39m
                [36m<input[39m
                  [33mclass[39m=[32m"flex-1 bg-zinc-900 border 
border-zinc-700 text-zinc-100 text-sm rounded-xl px-4 py-3 
focus:outline-none focus:ring-2 focus:ring-indigo-500/50 
focus:border-indigo-500 transition-all 
placeholder:text-zinc-600"[39m
                  [33mplaceholder[39m=[32m"Type a 
message..."[39m
                  [33mtype[39m=[32m"text"[39m
                  [33mvalue[39m=[32m""[39m
                [36m/>[39m
                [36m<button[39m
                  [33mclass[39m=[32m"p-3 bg-indigo-600 
hover:bg-indigo-500 disabled:opacity-50 
disabled:hover:bg-indigo-600 text-white rounded-xl 
transition-colors shadow-lg shadow-indigo-500/20"[39m
                  [33mdisabled[39m=[32m""[39m
                  [33mtype[39m=[32m"submit"[39m
                [36m>[39m
                  [36m<svg[39m
                    [33maria-hidden[39m=[32m"true"[39m
                    [33mclass[39m=[32m"lucide lucide-send h-5 
w-5"[39m
                    [33mfill[39m=[32m"none"[39m
                    [33mheight[39m=[32m"24"[39m
                    [33mstroke[39m=[32m"currentColor"[39m
                    [33mstroke-linecap[39m=[32m"round"[39m
                    [33mstroke-linejoin[39m=[32m"round"[39m
                    [33mstroke-width[39m=[32m"2"[39m
                    [33mviewBox[39m=[32m"0 0 24 24"[39m
                    [33mwidth[39m=[32m"24"[39m
                    
[33mxmlns[39m=[32m"http://www.w3.org/2000/svg"[39m
                  [36m>[39m
                    [36m<path[39m
                      [33md[39m=[32m"M14.536 21.686a.5.5 0 0 0 
.937-.024l6.5-19a.496.496 0 0 0-.635-.635l-19 6.5a.5.5 0 0 
0-.024.937l7.93 3.18a2 2 0 0 1 1.112 1.11z"[39m
                    [36m/>[39m
                    [36m<path[39m
                      [33md[39m=[32m"m21.854 2.147-10.94 
10.939"[39m
                    [36m/>[39m
                  [36m</svg>[39m
                [36m</button>[39m
              [36m</form>[39m
            [36m</div>[39m
          [36m</div>[39m
        [36m</div>[39m
      [36m</div>[39m
    [36m</body>[39m

    [0m [90m 114 |[39m         
receiveMessageCallback(mockMessage)[33m;[39m
     [90m 115 |[39m
    [31m[1m>[22m[39m[90m 116 |[39m         
expect(screen[33m.[39mgetByText([32m'Hello from another 
user'[39m))[33m.[39mtoBeInTheDocument()[33m;[39m
     [90m     |[39m                       [31m[1m^[22m[39m
     [90m 117 |[39m         expect(screen[33m.[39mgetByText([3
2m'OtherUser'[39m))[33m.[39mtoBeInTheDocument()[33m;[39m
     [90m 118 |[39m     })[33m;[39m
     [90m 119 |[39m[0m

      at Object.getElementError 
(node_modules/@testing-library/dom/dist/config.js:37:19)
      at 
node_modules/@testing-library/dom/dist/query-helpers.js:76:38
      at 
node_modules/@testing-library/dom/dist/query-helpers.js:52:17
      at 
node_modules/@testing-library/dom/dist/query-helpers.js:95:19
      at Object.getByText (__tests__/RoomClient.test.tsx:116:23)

  ΓùÅ RoomClient ΓÇ║ handles system messages differently

    TestingLibraryElementError: Unable to find an element with the 
text: User joined the room. This could be because the text is 
broken up by multiple elements. In this case, you can provide a 
function for your text matcher to make your matcher more flexible.

    Ignored nodes: comments, script, style
    [36m<body>[39m
      [36m<div>[39m
        [36m<div[39m
          [33mclass[39m=[32m"flex flex-col lg:flex-row h-screen 
bg-zinc-950 text-zinc-100 overflow-hidden font-sans"[39m
        [36m>[39m
          [36m<div[39m
            [33mclass[39m=[32m"flex-1 flex flex-col bg-black 
border-r border-zinc-800 relative"[39m
          [36m>[39m
            [36m<div[39m
              [33mclass[39m=[32m"p-4 bg-zinc-900/50 border-b 
border-zinc-800 flex gap-2 items-center"[39m
            [36m>[39m
              [36m<div[39m
                [33mclass[39m=[32m"p-2 bg-indigo-500/10 
rounded-lg"[39m
              [36m>[39m
                [36m<svg[39m
                  [33maria-hidden[39m=[32m"true"[39m
                  [33mclass[39m=[32m"lucide lucide-link h-5 w-5 
text-indigo-400"[39m
                  [33mfill[39m=[32m"none"[39m
                  [33mheight[39m=[32m"24"[39m
                  [33mstroke[39m=[32m"currentColor"[39m
                  [33mstroke-linecap[39m=[32m"round"[39m
                  [33mstroke-linejoin[39m=[32m"round"[39m
                  [33mstroke-width[39m=[32m"2"[39m
                  [33mviewBox[39m=[32m"0 0 24 24"[39m
                  [33mwidth[39m=[32m"24"[39m
                  
[33mxmlns[39m=[32m"http://www.w3.org/2000/svg"[39m
                [36m>[39m
                  [36m<path[39m
                    [33md[39m=[32m"M10 13a5 5 0 0 0 
7.54.54l3-3a5 5 0 0 0-7.07-7.07l-1.72 1.71"[39m
                  [36m/>[39m
                  [36m<path[39m
                    [33md[39m=[32m"M14 11a5 5 0 0 0-7.54-.54l-3 
3a5 5 0 0 0 7.07 7.07l1.71-1.71"[39m
                  [36m/>[39m
                [36m</svg>[39m
              [36m</div>[39m
              [36m<form[39m
                [33mclass[39m=[32m"flex-1 flex gap-2"[39m
              [36m>[39m
                [36m<input[39m
                  [33mclass[39m=[32m"flex-1 bg-zinc-950 border 
border-zinc-700 text-zinc-100 text-sm rounded-xl px-4 py-2 
focus:outline-none focus:ring-2 focus:ring-indigo-500/50 
focus:border-indigo-500 transition-all 
placeholder:text-zinc-600"[39m
                  [33mplaceholder[39m=[32m"Try: https://commonda
tastorage.googleapis.com/gtv-videos-bucket/sample/BigBuckBunny.mp4"
[39m
                  [33mtype[39m=[32m"text"[39m
                  [33mvalue[39m=[32m""[39m
                [36m/>[39m
                [36m<button[39m
                  [33mclass[39m=[32m"px-4 py-2 bg-zinc-800 
hover:bg-zinc-700 text-zinc-300 rounded-xl transition-colors 
border border-zinc-700 text-sm font-medium"[39m
                  [33mtype[39m=[32m"submit"[39m
                [36m>[39m
                  [0mLoad[0m
                [36m</button>[39m
              [36m</form>[39m
            [36m</div>[39m
            [36m<div[39m
              [33mclass[39m=[32m"flex-1 p-4 flex items-center 
justify-center"[39m
            [36m>[39m
              [36m<div[39m
                [33mclass[39m=[32m"w-full h-full max-h-[80vh] 
aspect-video"[39m
              [36m>[39m
                [36m<div[39m
                  [33mclass[39m=[32m"w-full h-full bg-zinc-900 
rounded-xl flex items-center justify-center border 
border-zinc-800"[39m
                [36m>[39m
                  [36m<div[39m
                    [33mclass[39m=[32m"text-center 
text-zinc-500"[39m
                  [36m>[39m
                    [36m<div[39m
                      [33mclass[39m=[32m"text-lg mb-2"[39m
                    [36m>[39m
                      [0m≡ƒÄ¼[0m
                    [36m</div>[39m
                    [36m<div[39m
                      [33mclass[39m=[32m"text-sm"[39m
                    [36m>[39m
                      [0mNo video loaded[0m
                    [36m</div>[39m
                    [36m<div[39m
                      [33mclass[39m=[32m"text-xs mt-1"[39m
                    [36m>[39m
                      [0mPaste a video URL above to get 
started[0m
                    [36m</div>[39m
                  [36m</div>[39m
                [36m</div>[39m
              [36m</div>[39m
            [36m</div>[39m
            [36m<div[39m
              [33mclass[39m=[32m"absolute bottom-4 left-4 
space-y-2"[39m
            [36m>[39m
              [36m<div[39m
                [33mclass[39m=[32m"p-2 bg-zinc-900/80 
backdrop-blur-sm rounded-lg border border-zinc-800 text-xs 
text-zinc-400"[39m
              [36m>[39m
                [0mRoom: [0m
                [36m<span[39m
                  [33mclass[39m=[32m"text-indigo-400 
font-mono"[39m
                [36m>[39m
                  [0mtest123[0m
                [36m</span>[39m
              [36m</div>[39m
              [36m<div[39m
                [33mclass[39m=[32m"p-2 bg-zinc-900/80 
backdrop-blur-sm rounded-lg border border-zinc-800 text-xs flex 
items-center gap-2"[39m
              [36m>[39m
                [36m<div[39m
                  [33mclass[39m=[32m"w-2 h-2 rounded-full 
bg-yellow-500 animate-pulse"[39m
                [36m/>[39m
                [36m<span[39m
                  [33mclass[39m=[32m"text-zinc-400"[39m
                [36m>[39m
                  [0mConnecting...[0m
                [36m</span>[39m
              [36m</div>[39m
            [36m</div>[39m
          [36m</div>[39m
          [36m<div[39m
            [33mclass[39m=[32m"w-full lg:w-96 flex flex-col 
bg-zinc-950 border-t lg:border-t-0 lg:border-l border-zinc-800 
shadow-2xl"[39m
          [36m>[39m
            [36m<div[39m
              [33mclass[39m=[32m"p-4 border-b border-zinc-800 
bg-zinc-900/30 backdrop-blur-md flex items-center gap-3"[39m
            [36m>[39m
              [36m<div[39m
                [33mclass[39m=[32m"p-2 bg-indigo-500/10 
rounded-lg"[39m
              [36m>[39m
                [36m<svg[39m
                  [33maria-hidden[39m=[32m"true"[39m
                  [33mclass[39m=[32m"lucide 
lucide-message-square h-5 w-5 text-indigo-400"[39m
                  [33mfill[39m=[32m"none"[39m
                  [33mheight[39m=[32m"24"[39m
                  [33mstroke[39m=[32m"currentColor"[39m
                  [33mstroke-linecap[39m=[32m"round"[39m
                  [33mstroke-linejoin[39m=[32m"round"[39m
                  [33mstroke-width[39m=[32m"2"[39m
                  [33mviewBox[39m=[32m"0 0 24 24"[39m
                  [33mwidth[39m=[32m"24"[39m
                  
[33mxmlns[39m=[32m"http://www.w3.org/2000/svg"[39m
                [36m>[39m
                  [36m<path[39m
                    [33md[39m=[32m"M22 17a2 2 0 0 1-2 2H6.828a2 
2 0 0 0-1.414.586l-2.202 2.202A.71.71 0 0 1 2 21.286V5a2 2 0 0 1 
2-2h16a2 2 0 0 1 2 2z"[39m
                  [36m/>[39m
                [36m</svg>[39m
              [36m</div>[39m
              [36m<div>[39m
                [36m<h3[39m
                  [33mclass[39m=[32m"font-semibold 
text-zinc-100"[39m
                [36m>[39m
                  [0mLive Chat[0m
                [36m</h3>[39m
                [36m<p[39m
                  [33mclass[39m=[32m"text-xs text-zinc-500 flex 
items-center gap-1"[39m
                [36m>[39m
                  [36m<span[39m
                    [33mclass[39m=[32m"w-2 h-2 rounded-full 
bg-red-500"[39m
                  [36m/>[39m
                  [0mOffline[0m
                [36m</p>[39m
              [36m</div>[39m
            [36m</div>[39m
            [36m<div[39m
              [33mclass[39m=[32m"flex-1 overflow-y-auto p-4 
space-y-4 scrollbar-thin scrollbar-thumb-zinc-800 
scrollbar-track-transparent"[39m
            [36m>[39m
              [36m<div />[39m
            [36m</div>[39m
            [36m<div[39m
              [33mclass[39m=[32m"p-4 bg-zinc-900/30 border-t 
border-zinc-800"[39m
            [36m>[39m
              [36m<form[39m
                [33mclass[39m=[32m"flex gap-2"[39m
              [36m>[39m
                [36m<input[39m
                  [33mclass[39m=[32m"flex-1 bg-zinc-900 border 
border-zinc-700 text-zinc-100 text-sm rounded-xl px-4 py-3 
focus:outline-none focus:ring-2 focus:ring-indigo-500/50 
focus:border-indigo-500 transition-all 
placeholder:text-zinc-600"[39m
                  [33mplaceholder[39m=[32m"Type a 
message..."[39m
                  [33mtype[39m=[32m"text"[39m
                  [33mvalue[39m=[32m""[39m
                [36m/>[39m
                [36m<button[39m
                  [33mclass[39m=[32m"p-3 bg-indigo-600 
hover:bg-indigo-500 disabled:opacity-50 
disabled:hover:bg-indigo-600 text-white rounded-xl 
transition-colors shadow-lg shadow-indigo-500/20"[39m
                  [33mdisabled[39m=[32m""[39m
                  [33mtype[39m=[32m"submit"[39m
                [36m>[39m
                  [36m<svg[39m
                    [33maria-hidden[39m=[32m"true"[39m
                    [33mclass[39m=[32m"lucide lucide-send h-5 
w-5"[39m
                    [33mfill[39m=[32m"none"[39m
                    [33mheight[39m=[32m"24"[39m
                    [33mstroke[39m=[32m"currentColor"[39m
                    [33mstroke-linecap[39m=[32m"round"[39m
                    [33mstroke-linejoin[39m=[32m"round"[39m
                    [33mstroke-width[39m=[32m"2"[39m
                    [33mviewBox[39m=[32m"0 0 24 24"[39m
                    [33mwidth[39m=[32m"24"[39m
                    
[33mxmlns[39m=[32m"http://www.w3.org/2000/svg"[39m
                  [36m>[39m
                    [36m<path[39m
                      [33md[39m=[32m"M14.536 21.686a.5.5 0 0 0 
.937-.024l6.5-19a.496.496 0 0 0-.635-.635l-19 6.5a.5.5 0 0 
0-.024.937l7.93 3.18a2 2 0 0 1 1.112 1.11z"[39m
                    [36m/>[39m
                    [36m<path[39m
                      [33md[39m=[32m"m21.854 2.147-10.94 
10.939"[39m
                    [36m/>[39m
                  [36m</svg>[39m
                [36m</button>[39m
              [36m</form>[39m
            [36m</div>[39m
          [36m</div>[39m
        [36m</div>[39m
      [36m</div>[39m
    [36m</body>[39m

    [0m [90m 133 |[39m         
receiveMessageCallback(systemMessage)[33m;[39m
     [90m 134 |[39m
    [31m[1m>[22m[39m[90m 135 |[39m         
expect(screen[33m.[39mgetByText([32m'User joined the 
room'[39m))[33m.[39mtoBeInTheDocument()[33m;[39m
     [90m     |[39m                       [31m[1m^[22m[39m
     [90m 136 |[39m     })[33m;[39m
     [90m 137 |[39m
     [90m 138 |[39m     test([32m'cleans up socket on 
unmount'[39m[33m,[39m () [33m=>[39m {[0m

      at Object.getElementError 
(node_modules/@testing-library/dom/dist/config.js:37:19)
      at 
node_modules/@testing-library/dom/dist/query-helpers.js:76:38
      at 
node_modules/@testing-library/dom/dist/query-helpers.js:52:17
      at 
node_modules/@testing-library/dom/dist/query-helpers.js:95:19
      at Object.getByText (__tests__/RoomClient.test.tsx:135:23)

Test Suites: 1 failed, 1 total
Tests:       4 failed, 4 passed, 8 total
Snapshots:   0 total
Time:        11.154 s
Ran all test suites matching /__tests__\\RoomClient.test.tsx/i.
